--progress is a global compose flag, better use `docker compose --progress xx build ...
time="2026-09-17T16:43:35Z" level=warning msg="/home/labadmin/capstone-insurance/docker-compose.yaml: the attribute `version` is obsolete, it will be ignored, please remove it to avoid potential confusion"
 Image capstone-insurance-api Building 
#1 [internal] load local bake definitions
#1 reading from stdin 578B done
#1 DONE 0.0s

#2 [internal] load build definition from Dockerfile
#2 transferring dockerfile: 359B done
#2 DONE 0.0s

#3 [internal] load metadata for docker.io/library/node:20-alpine
#3 DONE 0.0s

#4 [internal] load .dockerignore
#4 transferring context: 64B done
#4 DONE 0.0s

#5 [internal] load build context
#5 DONE 0.0s

#6 [builder 1/7] FROM docker.io/library/node:20-alpine@sha256:fb4cd12c85ee03686f6af5362a0b0d56d50c58a04632e6c0fb8363f609372293
#6 resolve docker.io/library/node:20-alpine@sha256:fb4cd12c85ee03686f6af5362a0b0d56d50c58a04632e6c0fb8363f609372293 0.0s done
#6 DONE 0.0s

#7 [builder 2/7] WORKDIR /app
#7 CACHED

#5 [internal] load build context
#5 transferring context: 1.09kB done
#5 DONE 0.0s

#8 [builder 3/7] COPY package*.json ./
#8 DONE 0.1s

#9 [stage-1 4/5] RUN npm install --omit=dev
#9 1.814 npm warn EBADENGINE Unsupported engine {
#9 1.814 npm warn EBADENGINE   package: 'vitest@5.0.1',
#9 1.814 npm warn EBADENGINE   required: { node: '^22.12.0 || ^24.0.0 || >=26.0.0' },
#9 1.814 npm warn EBADENGINE   current: { node: 'v20.20.2', npm: '10.8.2' }
#9 1.814 npm warn EBADENGINE }
#9 5.632 
#9 5.632 added 142 packages, and audited 143 packages in 5s
#9 5.632 
#9 5.632 39 packages are looking for funding
#9 5.632   run `npm fund` for details
#9 5.634 
#9 5.634 found 0 vulnerabilities
#9 5.636 npm notice
#9 5.636 npm notice New major version of npm available! 10.8.2 -> 12.0.2
#9 5.636 npm notice Changelog: https://github.com/npm/cli/releases/tag/v12.0.2
#9 5.636 npm notice To update run: npm install -g npm@12.0.2
#9 5.636 npm notice
#9 DONE 6.1s

#10 [builder 4/7] RUN npm install
#10 1.889 npm warn EBADENGINE Unsupported engine {
#10 1.889 npm warn EBADENGINE   package: 'vitest@5.0.1',
#10 1.889 npm warn EBADENGINE   required: { node: '^22.12.0 || ^24.0.0 || >=26.0.0' },
#10 1.889 npm warn EBADENGINE   current: { node: 'v20.20.2', npm: '10.8.2' }
#10 1.889 npm warn EBADENGINE }
#10 7.658 
#10 7.658 added 228 packages, and audited 229 packages in 7s
#10 7.658 
#10 7.658 57 packages are looking for funding
#10 7.658   run `npm fund` for details
#10 7.660 
#10 7.660 found 0 vulnerabilities
#10 7.662 npm notice
#10 7.662 npm notice New major version of npm available! 10.8.2 -> 12.0.2
#10 7.662 npm notice Changelog: https://github.com/npm/cli/releases/tag/v12.0.2
#10 7.662 npm notice To update run: npm install -g npm@12.0.2
#10 7.662 npm notice
#10 DONE 8.0s

#11 [builder 5/7] COPY tsconfig.json ./
#11 DONE 0.1s

#12 [builder 6/7] COPY src ./src
#12 DONE 0.1s

#13 [builder 7/7] RUN npm run build
#13 0.484 
#13 0.484 > capstone-api@1.0.0 build
#13 0.484 > tsc
#13 0.484 
#13 DONE 3.6s

#14 [stage-1 5/5] COPY --from=builder /app/dist ./dist
#14 DONE 0.1s

#15 exporting to image
#15 exporting layers
#15 exporting layers 1.9s done
#15 exporting manifest sha256:711a3f604f265a99bb3a46849b19c33befcafd15e5fc45dcad99a8572e65673e done
#15 exporting config sha256:50af84a022a613a350700993558d465c077f7d796aadee998a52deb87efadef2 0.0s done
#15 exporting attestation manifest sha256:83bac261b229d2abdaf264d8b503254e7fa8cac125b96b58c8cec4ca242e9a5d 0.0s done
#15 exporting manifest list sha256:0ff67720b73fce879fc72f3bd40c2611c2d128df5531ae60f7c23bf394eec24d 0.0s done
#15 naming to docker.io/library/capstone-insurance-api:latest done
#15 unpacking to docker.io/library/capstone-insurance-api:latest
#15 unpacking to docker.io/library/capstone-insurance-api:latest 1.1s done
#15 DONE 3.1s

#16 resolving provenance for metadata file
#16 DONE 0.0s
 Image capstone-insurance-api Built 
